2026-09-20 18:02:31.524 INFO  [main] LoginTest - Starting login test
2026-09-20 18:02:31.541 DEBUG [main] LoginTest - Username: standard_user
2026-09-20 18:02:32.139 INFO  [main] LoginTest - Login button clicked
2026-09-20 18:02:32.368 INFO  [main] LoginTest - Starting login test
2026-09-20 18:02:32.368 DEBUG [main] LoginTest - Username: locked_out_user
2026-09-20 18:02:32.764 INFO  [main] LoginTest - Login button clicked
2026-09-20 18:02:32.779 WARN  [main] LoginTest - Login may not have succeeded
2026-09-20 18:02:32.779 ERROR [main] LoginTest - Login URL validation failed
java.lang.AssertionError: expected [https://www.saucedemo.com/inventory.html] but found [https://www.saucedemo.com/]
	at org.testng.Assert.fail(Assert.java:111)
	at org.testng.Assert.failNotEquals(Assert.java:1590)
	at org.testng.Assert.assertEqualsImpl(Assert.java:150)
	at org.testng.Assert.assertEquals(Assert.java:132)
	at org.testng.Assert.assertEquals(Assert.java:656)
	at org.testng.Assert.assertEquals(Assert.java:666)
	at com.training.automation.login.LoginTest.loginTestData(LoginTest.java:98)
	at java.base/jdk.internal.reflect.DirectMethodHandleAccessor.invoke(DirectMethodHandleAccessor.java:104)
	at java.base/java.lang.reflect.Method.invoke(Method.java:565)
	at org.testng.internal.invokers.MethodInvocationHelper.invokeMethod(MethodInvocationHelper.java:141)
	at org.testng.internal.invokers.TestInvoker.invokeMethod(TestInvoker.java:697)
	at org.testng.internal.invokers.TestInvoker.invokeTestMethod(TestInvoker.java:230)
	at org.testng.internal.invokers.MethodRunner.runInSequence(MethodRunner.java:63)
	at org.testng.internal.invokers.TestInvoker$MethodInvocationAgent.invoke(TestInvoker.java:1005)
	at org.testng.internal.invokers.TestInvoker.invokeTestMethods(TestInvoker.java:203)
	at org.testng.internal.invokers.TestMethodWorker.invokeTestMethods(TestMethodWorker.java:154)
	at org.testng.internal.invokers.TestMethodWorker.run(TestMethodWorker.java:134)
	at java.base/java.util.ArrayList.forEach(ArrayList.java:1604)
	at org.testng.TestRunner.privateRun(TestRunner.java:744)
	at org.testng.TestRunner.run(TestRunner.java:616)
	at org.testng.SuiteRunner.runTest(SuiteRunner.java:421)
	at org.testng.SuiteRunner.runSequentially(SuiteRunner.java:413)
	at org.testng.SuiteRunner.privateRun(SuiteRunner.java:373)
	at org.testng.SuiteRunner.run(SuiteRunner.java:312)
	at org.testng.SuiteRunnerWorker.runSuite(SuiteRunnerWorker.java:52)
	at org.testng.SuiteRunnerWorker.run(SuiteRunnerWorker.java:95)
	at org.testng.TestNG.runSuitesSequentially(TestNG.java:1274)
	at org.testng.TestNG.runSuitesLocally(TestNG.java:1208)
	at org.testng.TestNG.runSuites(TestNG.java:1112)
	at org.testng.TestNG.run(TestNG.java:1079)
	at com.intellij.rt.testng.IDEARemoteTestNG.run(IDEARemoteTestNG.java:65)
	at com.intellij.rt.testng.RemoteTestNGStarter.main(RemoteTestNGStarter.java:105)
2026-09-20 18:02:32.946 INFO  [main] LoginTest - Starting login test
2026-09-20 18:02:32.946 DEBUG [main] LoginTest - Username: problem_user
2026-09-20 18:02:33.261 INFO  [main] LoginTest - Login button clicked
2026-09-20 18:02:33.395 INFO  [main] LoginTest - Starting login test
2026-09-20 18:02:33.395 DEBUG [main] LoginTest - Username: performance_glitch_user
2026-09-20 18:02:38.718 INFO  [main] LoginTest - Login button clicked
2026-09-20 18:02:38.914 INFO  [main] LoginTest - Starting login test
2026-09-20 18:02:38.914 DEBUG [main] LoginTest - Username: error_user
2026-09-20 18:02:39.353 INFO  [main] LoginTest - Login button clicked
2026-09-20 18:02:39.479 INFO  [main] LoginTest - Starting login test
2026-09-20 18:02:39.479 DEBUG [main] LoginTest - Username: visual_user
2026-09-20 18:02:39.831 INFO  [main] LoginTest - Login button clicked
2026-09-20 18:06:37.183 INFO  [main] LoginTest - Starting login test
2026-09-20 18:06:37.190 DEBUG [main] LoginTest - Username: standard_user
2026-09-20 18:06:37.916 INFO  [main] LoginTest - Login button clicked
2026-09-20 18:06:38.162 INFO  [main] LoginTest - Starting login test
2026-09-20 18:06:38.163 DEBUG [main] LoginTest - Username: locked_out_user
2026-09-20 18:06:38.595 INFO  [main] LoginTest - Login button clicked
2026-09-20 18:06:38.616 WARN  [main] LoginTest - Login may not have succeeded
2026-09-20 18:06:38.617 ERROR [main] LoginTest - Login URL validation failed
java.lang.AssertionError: expected [https://www.saucedemo.com/inventory.html] but found [https://www.saucedemo.com/]
	at org.testng.Assert.fail(Assert.java:111)
	at org.testng.Assert.failNotEquals(Assert.java:1590)
	at org.testng.Assert.assertEqualsImpl(Assert.java:150)
	at org.testng.Assert.assertEquals(Assert.java:132)
	at org.testng.Assert.assertEquals(Assert.java:656)
	at org.testng.Assert.assertEquals(Assert.java:666)
	at com.training.automation.login.LoginTest.loginTestData(LoginTest.java:98)
	at java.base/jdk.internal.reflect.DirectMethodHandleAccessor.invoke(DirectMethodHandleAccessor.java:104)
	at java.base/java.lang.reflect.Method.invoke(Method.java:565)
	at org.testng.internal.invokers.MethodInvocationHelper.invokeMethod(MethodInvocationHelper.java:141)
	at org.testng.internal.invokers.TestInvoker.invokeMethod(TestInvoker.java:697)
	at org.testng.internal.invokers.TestInvoker.invokeTestMethod(TestInvoker.java:230)
	at org.testng.internal.invokers.MethodRunner.runInSequence(MethodRunner.java:63)
	at org.testng.internal.invokers.TestInvoker$MethodInvocationAgent.invoke(TestInvoker.java:1005)
	at org.testng.internal.invokers.TestInvoker.invokeTestMethods(TestInvoker.java:203)
	at org.testng.internal.invokers.TestMethodWorker.invokeTestMethods(TestMethodWorker.java:154)
	at org.testng.internal.invokers.TestMethodWorker.run(TestMethodWorker.java:134)
	at java.base/java.util.ArrayList.forEach(ArrayList.java:1604)
	at org.testng.TestRunner.privateRun(TestRunner.java:744)
	at org.testng.TestRunner.run(TestRunner.java:616)
	at org.testng.SuiteRunner.runTest(SuiteRunner.java:421)
	at org.testng.SuiteRunner.runSequentially(SuiteRunner.java:413)
	at org.testng.SuiteRunner.privateRun(SuiteRunner.java:373)
	at org.testng.SuiteRunner.run(SuiteRunner.java:312)
	at org.testng.SuiteRunnerWorker.runSuite(SuiteRunnerWorker.java:52)
	at org.testng.SuiteRunnerWorker.run(SuiteRunnerWorker.java:95)
	at org.testng.TestNG.runSuitesSequentially(TestNG.java:1274)
	at org.testng.TestNG.runSuitesLocally(TestNG.java:1208)
	at org.testng.TestNG.runSuites(TestNG.java:1112)
	at org.testng.TestNG.run(TestNG.java:1079)
	at org.apache.maven.surefire.testng.TestNGExecutor.run(TestNGExecutor.java:155)
	at org.apache.maven.surefire.testng.TestNGDirectoryTestSuite.executeMulti(TestNGDirectoryTestSuite.java:169)
	at org.apache.maven.surefire.testng.TestNGDirectoryTestSuite.execute(TestNGDirectoryTestSuite.java:88)
	at org.apache.maven.surefire.testng.TestNGProvider.invoke(TestNGProvider.java:137)
	at org.apache.maven.surefire.booter.ForkedBooter.runSuitesInProcess(ForkedBooter.java:385)
	at org.apache.maven.surefire.booter.ForkedBooter.execute(ForkedBooter.java:162)
	at org.apache.maven.surefire.booter.ForkedBooter.run(ForkedBooter.java:507)
	at org.apache.maven.surefire.booter.ForkedBooter.main(ForkedBooter.java:495)
2026-09-20 18:06:38.747 INFO  [main] LoginTest - Starting login test
2026-09-20 18:06:38.748 DEBUG [main] LoginTest - Username: problem_user
2026-09-20 18:06:39.162 INFO  [main] LoginTest - Login button clicked
2026-09-20 18:06:39.305 INFO  [main] LoginTest - Starting login test
2026-09-20 18:06:39.306 DEBUG [main] LoginTest - Username: performance_glitch_user
2026-09-20 18:06:44.682 INFO  [main] LoginTest - Login button clicked
2026-09-20 18:06:44.826 INFO  [main] LoginTest - Starting login test
2026-09-20 18:06:44.826 DEBUG [main] LoginTest - Username: error_user
2026-09-20 18:06:45.126 INFO  [main] LoginTest - Login button clicked
2026-09-20 18:06:45.240 INFO  [main] LoginTest - Starting login test
2026-09-20 18:06:45.240 DEBUG [main] LoginTest - Username: visual_user
2026-09-20 18:06:45.564 INFO  [main] LoginTest - Login button clicked
